// Jest Snapshot v1, https://goo.gl/fbAQLP

exports[`lib renderer generateDocFromSchema() Markdown document structure from GraphQL schema is correct when using grouping 1`] = `{}`;

exports[`lib renderer generateDocFromSchema() Markdown document structure from GraphQL schema is correct when using grouping 2`] = `{}`;

exports[`lib renderer generateDocFromSchema() generates Markdown document structure from GraphQL schema 1`] = `{}`;
