// Jest Snapshot v1, https://goo.gl/fbAQLP

exports[`directive getConstDirectiveMap() returns custom directives map 1`] = `
{
  "testA": {
    "constDirective": {
      "arguments": [],
      "kind": "Directive",
      "loc": {
        "end": 254,
        "start": 248,
      },
      "name": {
        "kind": "Name",
        "loc": {
          "end": 254,
          "start": 249,
        },
        "value": "testA",
      },
    },
    "descriptor": [Function],
    "type": "@testA",
  },
}
`;
