// Jest Snapshot v1, https://goo.gl/fbAQLP

exports[`config getCustomDirectives returns custom directive maps 1`] = `
{
  "testA": {
    "descriptor": [Function],
  },
}
`;
