// Jest Snapshot v1, https://goo.gl/fbAQLP

exports[`renderer class Renderer renderSidebar() creates Docusaurus compatible sidebar.js into output folder 1`] = `
[
  [
    "/output/sidebar-schema.js",
    "
/** @type {import('@docusaurus/plugin-content-docs').SidebarsConfig} */

module.exports = {
  "schemaSidebar": [
    {
      "type": "autogenerated",
      "dirName": "graphql"
    }
  ]
};
",
    undefined,
  ],
]
`;
