// Jest Snapshot v1, https://goo.gl/fbAQLP

exports[`lib diff [Function saveSchemaFile] saves reference data into file schema.graphql 1`] = `
{
  "": "schema",
}
`;

exports[`lib diff [Function saveSchemaHash] saves reference data into file .schema 1`] = `
{
  "": "df0ad6e43880f09c90ebf95f19110178aba6890df0010ebda7485029e2b543b4",
}
`;
